// Jest Snapshot v1, https://goo.gl/fbAQLP

exports[`render render 1`] = `
<div>
   
  <div
    class="product-list-loading"
  >
    <div
      class="product-list-loading-box"
    />
    <div
      class="product-list-loading-box"
    />
    <div
      class="product-list-loading-box"
    />
    <div
      class="product-list-loading-box"
    />
    <div
      class="product-list-loading-box"
    />
    <div
      class="product-list-loading-box"
    />
    <div
      class="product-list-loading-box"
    />
    <div
      class="product-list-loading-box"
    />
    <div
      class="product-list-loading-box"
    />
    <div
      class="product-list-loading-box"
    />
  </div>
   
</div>
`;
